// Jest Snapshot v1, https://goo.gl/fbAQLP

exports[`should render google maps correctly 1`] = `
<withScriptjs(withGoogleMap(Component))
  containerElement={
    <div
      className="maps--containerElement"
    />
  }
  googleMapURL="https://maps.googleapis.com/maps/api/js?key=AIzaSyBgM64gpvjKwX3JhihSyRs2pX9N8npMFzI&v=3.exp&libraries=geometry,drawing,places"
  isOpen={false}
  loadingElement={<div />}
  mapElement={
    <div
      className="maps--mapElement"
    />
  }
  onToggleOpen={[Function]}
/>
`;
