// Jest Snapshot v1, https://goo.gl/fbAQLP

exports[`should render Navbar correctly 1`] = `
<nav
  className="navbar navbar-expand-sm navbar-dark bg-dark fixed-top py-4"
  id="navbar"
>
  <div
    className="container"
  >
    <a
      className="navbar-brand"
      href="#aboutMe"
      onClick={[Function]}
    >
      <span>
        <i
          aria-hidden="true"
          className="fa fa-user-o"
        />
      </span>
       Vishal Singh Rathore
    </a>
    <button
      className="navbar-toggler"
      data-target="#navbarNavbar"
      data-toggle="collapse"
      id="collapseButton"
    >
      <span
        className="navbar-toggler-icon"
      />
    </button>
    <div
      className="collapse navbar-collapse"
      id="navbarNavbar"
    >
      <ul
        className="navbar-nav ml-auto"
        onClick={[Function]}
      >
        <li
          className="nav-item"
          id="Home"
        >
          <a
            className="nav-link active"
            href="#aboutMe"
            onClick={[Function]}
          >
            Home
          </a>
        </li>
        <li
          className="nav-item"
          id="Education"
        >
          <a
            className="nav-link"
            href="#edu"
            onClick={[Function]}
          >
            Education
          </a>
        </li>
        <li
          className="nav-item"
          id="Work"
        >
          <a
            className="nav-link"
            href="#myWork"
            onClick={[Function]}
          >
            Work
          </a>
        </li>
        <li
          className="nav-item"
          id="Projects"
        >
          <a
            className="nav-link"
            href="#myProjects"
            onClick={[Function]}
          >
            Projects
          </a>
        </li>
        <li
          className="nav-item"
          id="Contact"
        >
          <a
            className="nav-link"
            href="#myContact"
            onClick={[Function]}
          >
            Contact
          </a>
        </li>
      </ul>
    </div>
  </div>
</nav>
`;
