// Jest Snapshot v1, https://goo.gl/fbAQLP

exports[`should render portfolio work correctly 1`] = `
<div>
  <div
    aria-hidden="true"
    aria-labelledby="project-1-Label"
    className="modal fade"
    id="project-1"
    key="project-1"
    role="dialog"
    tabIndex="-1"
  >
    <div
      className="modal-dialog"
      role="document"
    >
      <div
        className="modal-content"
      >
        <div
          className="modal-header"
        >
          <h5
            className="modal-title"
            id="project-1-Label"
          >
            iFeedback
          </h5>
          <button
            aria-label="Close"
            className="close"
            data-dismiss="modal"
            type="button"
          >
            <span
              aria-hidden="true"
            >
              ×
            </span>
          </button>
        </div>
        <div
          className="modal-body text-left"
        >
          <div
            className="row"
          >
            <div
              className="col-9"
            >
               
              <p
                className="text-muted"
              >
                Create Surveys for your Clients
              </p>
            </div>
            <div
              className="col-3"
            >
              <a
                className="btn btn-outline-info"
                href="https://ifeedback-emails.herokuapp.com"
                target="_blank"
              >
                Demo
              </a>
            </div>
          </div>
          <p
            key="0"
          >
            React App used to create Surveys and send them to single/multiple email addresses.
          </p>
          <p
            key="1"
          >
            App uses SendGrid API to create emails, Stripe API to mock payments which are required to purchase credits. These credits are used to create Surveys.
          </p>
          <p
            key="2"
          >
            Track all sent Surveys and monitor responses.
          </p>
          <p>
            App is built using the following tech stack :
          </p>
          <ul>
            <li
              key="0"
            >
              Axios
            </li>
            <li
              key="1"
            >
              Express
            </li>
            <li
              key="2"
            >
              Font Awesome
            </li>
            <li
              key="3"
            >
              Heroku
            </li>
            <li
              key="4"
            >
              Google OAuth
            </li>
            <li
              key="5"
            >
              Materialize CSS
            </li>
            <li
              key="6"
            >
              Mongo DB
            </li>
            <li
              key="7"
            >
              React.JS
            </li>
            <li
              key="8"
            >
              Redux State Management
            </li>
            <li
              key="9"
            >
              SendGrid API
            </li>
            <li
              key="10"
            >
              Stripe Payment API
            </li>
            <li
              key="11"
            >
              App is developed with Prod and Dev environments
            </li>
          </ul>
        </div>
      </div>
    </div>
  </div>
  <div
    aria-hidden="true"
    aria-labelledby="project-2-Label"
    className="modal fade"
    id="project-2"
    key="project-2"
    role="dialog"
    tabIndex="-1"
  >
    <div
      className="modal-dialog"
      role="document"
    >
      <div
        className="modal-content"
      >
        <div
          className="modal-header"
        >
          <h5
            className="modal-title"
            id="project-2-Label"
          >
            Recipe Finder
          </h5>
          <button
            aria-label="Close"
            className="close"
            data-dismiss="modal"
            type="button"
          >
            <span
              aria-hidden="true"
            >
              ×
            </span>
          </button>
        </div>
        <div
          className="modal-body text-left"
        >
          <div
            className="row"
          >
            <div
              className="col-9"
            >
               
              <p
                className="text-muted"
              >
                Search your favorite recipes online
              </p>
            </div>
            <div
              className="col-3"
            >
              <a
                className="btn btn-outline-info"
                href="http://forkify-search-recipes.herokuapp.com/"
                target="_blank"
              >
                Demo
              </a>
            </div>
          </div>
          <p
            key="0"
          >
            Web App using JavaScript to search your favorite recipes online. You can search for recipes by typing a query to get a list of items that use the query item, select a recipe to display the details of it.
          </p>
          <p>
            App is built using the following tech stack :
          </p>
          <ul>
            <li
              key="0"
            >
              Axios
            </li>
            <li
              key="1"
            >
              Babel
            </li>
            <li
              key="2"
            >
              Express
            </li>
            <li
              key="3"
            >
              Heroku
            </li>
            <li
              key="4"
            >
              Node.js
            </li>
            <li
              key="5"
            >
              Webpack
            </li>
          </ul>
        </div>
      </div>
    </div>
  </div>
  <div
    aria-hidden="true"
    aria-labelledby="project-3-Label"
    className="modal fade"
    id="project-3"
    key="project-3"
    role="dialog"
    tabIndex="-1"
  >
    <div
      className="modal-dialog"
      role="document"
    >
      <div
        className="modal-content"
      >
        <div
          className="modal-header"
        >
          <h5
            className="modal-title"
            id="project-3-Label"
          >
            Expensify
          </h5>
          <button
            aria-label="Close"
            className="close"
            data-dismiss="modal"
            type="button"
          >
            <span
              aria-hidden="true"
            >
              ×
            </span>
          </button>
        </div>
        <div
          className="modal-body text-left"
        >
          <div
            className="row"
          >
            <div
              className="col-9"
            >
               
              <p
                className="text-muted"
              >
                Track your expenses anytime anywhere
              </p>
            </div>
            <div
              className="col-3"
            >
              <a
                className="btn btn-outline-info"
                href="http://track-expenses.herokuapp.com"
                target="_blank"
              >
                Demo
              </a>
            </div>
          </div>
          <p
            key="0"
          >
            Web App using React.JS that is used to track your expenses. You can add, view, modify and remove your expenses.
          </p>
          <p
            key="1"
          >
            Login using your Google Account. Click on Add Expense to add any new expense. Click on existing expese to either Update or Remove the expense. Click the app logo to reach the dashboard page.
          </p>
          <p>
            App is built using the following tech stack :
          </p>
          <ul>
            <li
              key="0"
            >
              Babel
            </li>
            <li
              key="1"
            >
              Enzyme
            </li>
            <li
              key="2"
            >
              Express
            </li>
            <li
              key="3"
            >
              Firebase (database & authtication)
            </li>
            <li
              key="4"
            >
              Font Awesome
            </li>
            <li
              key="5"
            >
              Heroku
            </li>
            <li
              key="6"
            >
              Jest
            </li>
            <li
              key="7"
            >
              Node.js
            </li>
            <li
              key="8"
            >
              Redux
            </li>
            <li
              key="9"
            >
              Webpack
            </li>
          </ul>
        </div>
      </div>
    </div>
  </div>
  <div
    aria-hidden="true"
    aria-labelledby="project-4-Label"
    className="modal fade"
    id="project-4"
    key="project-4"
    role="dialog"
    tabIndex="-1"
  >
    <div
      className="modal-dialog"
      role="document"
    >
      <div
        className="modal-content"
      >
        <div
          className="modal-header"
        >
          <h5
            className="modal-title"
            id="project-4-Label"
          >
            Portfolio
          </h5>
          <button
            aria-label="Close"
            className="close"
            data-dismiss="modal"
            type="button"
          >
            <span
              aria-hidden="true"
            >
              ×
            </span>
          </button>
        </div>
        <div
          className="modal-body text-left"
        >
          <div
            className="row"
          >
            <div
              className="col-9"
            >
               
              <p
                className="text-muted"
              >
                You are currently viewing this project
              </p>
            </div>
            <div
              className="col-3"
            >
              <a
                className="btn btn-outline-info"
                href="http://track-expenses.herokuapp.com"
                target="_blank"
              >
                Demo
              </a>
            </div>
          </div>
          <p
            key="0"
          >
            Online portfolio showcasing my skills and experience.
          </p>
          <p>
            App is built using the following tech stack :
          </p>
          <ul>
            <li
              key="0"
            >
              Babel
            </li>
            <li
              key="1"
            >
              Enzyme
            </li>
            <li
              key="2"
            >
              Express
            </li>
            <li
              key="3"
            >
              Font Awesome
            </li>
            <li
              key="4"
            >
              React
            </li>
            <li
              key="5"
            >
              AWS - IAM
            </li>
            <li
              key="6"
            >
              AWS - Route 53 & DNS
            </li>
            <li
              key="7"
            >
              AWS - CloudFront & SSL
            </li>
            <li
              key="8"
            >
              AWS - CodeBuild & Code Pipeline
            </li>
            <li
              key="9"
            >
              AWS - Lambda Functions
            </li>
          </ul>
        </div>
      </div>
    </div>
  </div>
</div>
`;
